layer at (0,0) size 800x600
  RenderView at (0,0) size 800x600
layer at (0,0) size 800x54
  RenderBlock {HTML} at (0,0) size 800x54
    RenderBody {BODY} at (8,8) size 784x38
      RenderBlock {DIV} at (0,0) size 784x19
        RenderText {#text} at (620,0) size 164x18
          text run at (620,0) width 9 RTL: ": "
          text run at (628,0) width 156: "right to left search fields"
        RenderTextControl {INPUT} at (447,0) size 174x19 [bgcolor=#FFFFFF] [border: (2px inset #000000)]
          RenderFlexibleBox {DIV} at (3,0) size 167x19
            RenderBlock {DIV} at (158,0) size 9x19
            RenderBlock {DIV} at (19,3) size 140x13
            RenderBlock {DIV} at (0,0) size 19x19
        RenderText {#text} at (443,0) size 5x18
          text run at (443,0) width 5 RTL: " "
        RenderTextControl {INPUT} at (256,0) size 188x19 [bgcolor=#FFFFFF] [border: (2px inset #000000)]
          RenderFlexibleBox {DIV} at (3,0) size 181x19
            RenderBlock {DIV} at (158,0) size 23x19
            RenderBlock {DIV} at (19,3) size 140x13
            RenderBlock {DIV} at (0,0) size 19x19
        RenderText {#text} at (0,0) size 0x0
      RenderBlock {DIV} at (0,19) size 784x19
        RenderText {#text} at (0,0) size 164x18
          text run at (0,0) width 164: "left to right search fields: "
        RenderTextControl {INPUT} at (163,0) size 175x19 [bgcolor=#FFFFFF] [border: (2px inset #000000)]
          RenderFlexibleBox {DIV} at (3,0) size 168x19
            RenderBlock {DIV} at (0,0) size 8x19
            RenderBlock {DIV} at (8,3) size 141x13
            RenderBlock {DIV} at (148,0) size 20x19
        RenderText {#text} at (337,0) size 5x18
          text run at (337,0) width 5: " "
        RenderTextControl {INPUT} at (341,0) size 189x19 [bgcolor=#FFFFFF] [border: (2px inset #000000)]
          RenderFlexibleBox {DIV} at (3,0) size 182x19
            RenderBlock {DIV} at (0,0) size 22x19
            RenderBlock {DIV} at (22,3) size 141x13
            RenderBlock {DIV} at (162,0) size 20x19
        RenderText {#text} at (0,0) size 0x0
layer at (477,11) size 140x13
  RenderBlock {DIV} at (0,0) size 140x13
    RenderText {#text} at (105,0) size 35x13
      text run at (105,0) width 35: "foobar"
layer at (286,11) size 140x13
  RenderBlock {DIV} at (0,0) size 140x13
    RenderText {#text} at (105,0) size 35x13
      text run at (105,0) width 35: "foobar"
layer at (183,30) size 141x13
  RenderBlock {DIV} at (0,0) size 141x13
    RenderText {#text} at (0,0) size 35x13
      text run at (0,0) width 35: "foobar"
layer at (375,30) size 141x13
  RenderBlock {DIV} at (0,0) size 141x13
    RenderText {#text} at (0,0) size 35x13
      text run at (0,0) width 35: "foobar"
