layer at (0,0) size 800x600
  RenderView at (0,0) size 800x600
layer at (0,0) size 800x600
  RenderBlock {HTML} at (0,0) size 800x600
    RenderBody {BODY} at (8,8) size 784x584
      RenderBlock {DIV} at (0,0) size 784x36
        RenderText {#text} at (0,0) size 735x17
          text run at (0,0) width 99: "This is a test of "
          text run at (99,0) width 182: "some code to make sure that "
          text run at (281,0) width 221: "white-space gets properly ignored. "
          text run at (502,0) width 233: "If it does, then this should render the "
        RenderInline {A} at (0,0) size 27x17 [color=#0000EE]
          RenderText {#text} at (735,0) size 27x17
            text run at (735,0) width 27: "way"
        RenderText {#text} at (0,18) size 365x17
          text run at (0,18) width 120: "one would expect. "
          text run at (120,18) width 245: "Hopefully it does render the way we w"
        RenderInline {I} at (0,0) size 8x17
          RenderText {#text} at (365,18) size 8x17
            text run at (365,18) width 8: "a"
        RenderInline {B} at (0,0) size 8x17
          RenderText {#text} at (373,18) size 8x17
            text run at (373,18) width 8: "n"
        RenderText {#text} at (381,18) size 280x17
          text run at (381,18) width 40: "t it to. "
          text run at (421,18) width 83: "If it does not "
          text run at (504,18) width 90: "that would be "
          text run at (594,18) width 67: "a problem."
