layer at (0,0) size 800x600
  RenderView at (0,0) size 800x600
layer at (0,0) size 800x586
  RenderBlock {HTML} at (0,0) size 800x586
    RenderBody {BODY} at (8,16) size 784x562
      RenderBlock {P} at (0,0) size 784x18
        RenderText {#text} at (0,0) size 693x17
          text run at (0,0) width 484: "Verify that the alignment and writing direction of each selected item matches "
          text run at (484,0) width 209: "the one below the pop-up button."
      RenderBlock {DIV} at (0,34) size 784x264
        RenderMenuList {SELECT} at (0,0) size 500x30 [bgcolor=#FFFFFF] [border: (1px solid #000000)]
          RenderBlock (anonymous) at (1,1) size 498x28
            RenderText at (5,5) size 179x18
              text run at (5,5) width 35: "First "
              text run at (40,5) width 56 RTL: ") \x{5E8}\x{5D1}\x{5D9}\x{5E2}\x{5D9}\x{5EA}"
              text run at (96,5) width 18: "03"
              text run at (114,5) width 41 RTL: "\x{5E9}\x{5E0}\x{5D9}\x{5D4} ("
              text run at (155,5) width 29: " fifth"
        RenderBlock {DIV} at (0,30) size 470x36
          RenderText {#text} at (10,10) size 133x15
            text run at (10,10) width 27: "First "
            text run at (37,10) width 38 RTL: ") \x{5E8}\x{5D1}\x{5D9}\x{5E2}\x{5D9}\x{5EA}"
            text run at (75,10) width 14: "03"
            text run at (89,10) width 28 RTL: "\x{5E9}\x{5E0}\x{5D9}\x{5D4} ("
            text run at (117,10) width 26: " fifth"
        RenderMenuList {SELECT} at (0,66) size 500x30 [bgcolor=#FFFFFF] [border: (1px solid #000000)]
          RenderBlock (anonymous) at (1,1) size 498x28
            RenderText at (5,5) size 179x18
              text run at (5,5) width 25: "fifth"
              text run at (30,5) width 4 RTL: " "
              text run at (34,5) width 47 RTL: "\x{5E8}\x{5D1}\x{5D9}\x{5E2}\x{5D9}\x{5EA}"
              text run at (81,5) width 4 RTL: " "
              text run at (85,5) width 5 RTL: ")"
              text run at (90,5) width 18: "03"
              text run at (108,5) width 5 RTL: "("
              text run at (113,5) width 4 RTL: " "
              text run at (117,5) width 32 RTL: "\x{5E9}\x{5E0}\x{5D9}\x{5D4}"
              text run at (149,5) width 4 RTL: " "
              text run at (153,5) width 31: "First"
        RenderBlock {DIV} at (0,96) size 470x36
          RenderText {#text} at (10,10) size 133x15
            text run at (10,10) width 23: "fifth"
            text run at (33,10) width 41 RTL: ") \x{5E8}\x{5D1}\x{5D9}\x{5E2}\x{5D9}\x{5EA} "
            text run at (74,10) width 14: "03"
            text run at (88,10) width 31 RTL: " \x{5E9}\x{5E0}\x{5D9}\x{5D4} ("
            text run at (119,10) width 24: "First"
        RenderMenuList {SELECT} at (0,132) size 500x30 [bgcolor=#FFFFFF] [border: (1px solid #000000)]
          RenderBlock (anonymous) at (1,1) size 498x28
            RenderText at (5,5) size 179x18
              text run at (5,5) width 179: "First \x{5E9}\x{5E0}\x{5D9}\x{5D4} (03) \x{5E8}\x{5D1}\x{5D9}\x{5E2}\x{5D9}\x{5EA} fifth"
        RenderBlock {DIV} at (0,162) size 470x36
          RenderText {#text} at (10,10) size 133x15
            text run at (10,10) width 133: "First \x{5E9}\x{5E0}\x{5D9}\x{5D4} (03) \x{5E8}\x{5D1}\x{5D9}\x{5E2}\x{5D9}\x{5EA} fifth"
        RenderMenuList {SELECT} at (0,198) size 500x30 [bgcolor=#FFFFFF] [border: (1px solid #000000)]
          RenderBlock (anonymous) at (1,1) size 498x28
            RenderText at (5,5) size 179x18
              text run at (5,5) width 25 RTL: "fifth"
              text run at (30,5) width 4 RTL: " "
              text run at (34,5) width 47 RTL: "\x{5E8}\x{5D1}\x{5D9}\x{5E2}\x{5D9}\x{5EA}"
              text run at (81,5) width 4 RTL: " "
              text run at (85,5) width 28 RTL: "(03)"
              text run at (113,5) width 4 RTL: " "
              text run at (117,5) width 32 RTL: "\x{5E9}\x{5E0}\x{5D9}\x{5D4}"
              text run at (149,5) width 4 RTL: " "
              text run at (153,5) width 31 RTL: "First"
        RenderBlock {DIV} at (0,228) size 470x36
          RenderText {#text} at (10,10) size 133x15
            text run at (10,10) width 133 RTL: "First \x{5E9}\x{5E0}\x{5D9}\x{5D4} (03) \x{5E8}\x{5D1}\x{5D9}\x{5E2}\x{5D9}\x{5EA} fifth"
      RenderBlock {DIV} at (0,298) size 784x264
        RenderMenuList {SELECT} at (0,0) size 500x30 [bgcolor=#FFFFFF] [border: (1px solid #000000)]
          RenderBlock (anonymous) at (1,1) size 498x28
            RenderText at (314,5) size 179x18
              text run at (314,5) width 35: "First "
              text run at (349,5) width 56 RTL: ") \x{5E8}\x{5D1}\x{5D9}\x{5E2}\x{5D9}\x{5EA}"
              text run at (405,5) width 18: "03"
              text run at (423,5) width 41 RTL: "\x{5E9}\x{5E0}\x{5D9}\x{5D4} ("
              text run at (464,5) width 29: " fifth"
        RenderBlock {DIV} at (0,30) size 470x36
          RenderText {#text} at (327,10) size 133x15
            text run at (327,10) width 27: "First "
            text run at (354,10) width 38 RTL: ") \x{5E8}\x{5D1}\x{5D9}\x{5E2}\x{5D9}\x{5EA}"
            text run at (392,10) width 14: "03"
            text run at (406,10) width 28 RTL: "\x{5E9}\x{5E0}\x{5D9}\x{5D4} ("
            text run at (434,10) width 26: " fifth"
        RenderMenuList {SELECT} at (0,66) size 500x30 [bgcolor=#FFFFFF] [border: (1px solid #000000)]
          RenderBlock (anonymous) at (1,1) size 498x28
            RenderText at (314,5) size 179x18
              text run at (314,5) width 25: "fifth"
              text run at (339,5) width 4 RTL: " "
              text run at (343,5) width 47 RTL: "\x{5E8}\x{5D1}\x{5D9}\x{5E2}\x{5D9}\x{5EA}"
              text run at (390,5) width 4 RTL: " "
              text run at (394,5) width 5 RTL: ")"
              text run at (399,5) width 18: "03"
              text run at (417,5) width 5 RTL: "("
              text run at (422,5) width 4 RTL: " "
              text run at (426,5) width 32 RTL: "\x{5E9}\x{5E0}\x{5D9}\x{5D4}"
              text run at (458,5) width 4 RTL: " "
              text run at (462,5) width 31: "First"
        RenderBlock {DIV} at (0,96) size 470x36
          RenderText {#text} at (327,10) size 133x15
            text run at (327,10) width 23: "fifth"
            text run at (350,10) width 41 RTL: ") \x{5E8}\x{5D1}\x{5D9}\x{5E2}\x{5D9}\x{5EA} "
            text run at (391,10) width 14: "03"
            text run at (405,10) width 31 RTL: " \x{5E9}\x{5E0}\x{5D9}\x{5D4} ("
            text run at (436,10) width 24: "First"
        RenderMenuList {SELECT} at (0,132) size 500x30 [bgcolor=#FFFFFF] [border: (1px solid #000000)]
          RenderBlock (anonymous) at (1,1) size 498x28
            RenderText at (314,5) size 179x18
              text run at (314,5) width 179: "First \x{5E9}\x{5E0}\x{5D9}\x{5D4} (03) \x{5E8}\x{5D1}\x{5D9}\x{5E2}\x{5D9}\x{5EA} fifth"
        RenderBlock {DIV} at (0,162) size 470x36
          RenderText {#text} at (327,10) size 133x15
            text run at (327,10) width 133: "First \x{5E9}\x{5E0}\x{5D9}\x{5D4} (03) \x{5E8}\x{5D1}\x{5D9}\x{5E2}\x{5D9}\x{5EA} fifth"
        RenderMenuList {SELECT} at (0,198) size 500x30 [bgcolor=#FFFFFF] [border: (1px solid #000000)]
          RenderBlock (anonymous) at (1,1) size 498x28
            RenderText at (314,5) size 179x18
              text run at (314,5) width 25 RTL: "fifth"
              text run at (339,5) width 4 RTL: " "
              text run at (343,5) width 47 RTL: "\x{5E8}\x{5D1}\x{5D9}\x{5E2}\x{5D9}\x{5EA}"
              text run at (390,5) width 4 RTL: " "
              text run at (394,5) width 28 RTL: "(03)"
              text run at (422,5) width 4 RTL: " "
              text run at (426,5) width 32 RTL: "\x{5E9}\x{5E0}\x{5D9}\x{5D4}"
              text run at (458,5) width 4 RTL: " "
              text run at (462,5) width 31 RTL: "First"
        RenderBlock {DIV} at (0,228) size 470x36
          RenderText {#text} at (327,10) size 133x15
            text run at (327,10) width 133 RTL: "First \x{5E9}\x{5E0}\x{5D9}\x{5D4} (03) \x{5E8}\x{5D1}\x{5D9}\x{5E2}\x{5D9}\x{5EA} fifth"
