layer at (0,0) size 800x600
  RenderView at (0,0) size 800x600
layer at (0,0) size 800x97
  RenderBlock {HTML} at (0,0) size 800x97
    RenderBody {BODY} at (8,16) size 784x73
      RenderBlock {P} at (0,0) size 784x18
        RenderText {#text} at (0,0) size 233x17
          text run at (0,0) width 233: "The following two lines should look "
        RenderInline {EM} at (0,0) size 91x17
          RenderText {#text} at (233,0) size 91x17
            text run at (233,0) width 91: "approximately"
        RenderText {#text} at (324,0) size 63x17
          text run at (324,0) width 63: " the same:"
      RenderBlock {DIV} at (0,34) size 784x18
        RenderInline {SPAN} at (0,0) size 9x17
          RenderInline (generated) at (0,0) size 9x17
            RenderCounter at (0,0) size 9x17
              text run at (0,0) width 9: "\x{25A0}"
        RenderText {#text} at (9,0) size 4x17
          text run at (9,0) width 4: " "
        RenderInline {SPAN} at (0,0) size 9x17
          RenderInline (generated) at (0,0) size 9x17
            RenderCounter at (13,0) size 9x17
              text run at (13,0) width 9: "\x{25A0}"
        RenderText {#text} at (22,0) size 4x17
          text run at (22,0) width 4: " "
        RenderInline {SPAN} at (0,0) size 9x17
          RenderInline (generated) at (0,0) size 9x17
            RenderCounter at (26,0) size 9x17
              text run at (26,0) width 9: "\x{25A0}"
        RenderText {#text} at (35,0) size 4x17
          text run at (35,0) width 4: " "
        RenderInline {SPAN} at (0,0) size 9x17
          RenderInline (generated) at (0,0) size 9x17
            RenderCounter at (39,0) size 9x17
              text run at (39,0) width 9: "\x{25A0}"
        RenderText {#text} at (48,0) size 4x17
          text run at (48,0) width 4: " "
        RenderInline {SPAN} at (0,0) size 9x17
          RenderInline (generated) at (0,0) size 9x17
            RenderCounter at (52,0) size 9x17
              text run at (52,0) width 9: "\x{25A0}"
        RenderText {#text} at (61,0) size 4x17
          text run at (61,0) width 4: " "
        RenderInline {SPAN} at (0,0) size 9x17
          RenderInline (generated) at (0,0) size 9x17
            RenderCounter at (65,0) size 9x17
              text run at (65,0) width 9: "\x{25A0}"
        RenderText {#text} at (74,0) size 4x17
          text run at (74,0) width 4: " "
        RenderInline {SPAN} at (0,0) size 9x17
          RenderInline (generated) at (0,0) size 9x17
            RenderCounter at (78,0) size 9x17
              text run at (78,0) width 9: "\x{25A0}"
        RenderText {#text} at (87,0) size 4x17
          text run at (87,0) width 4: " "
        RenderInline {SPAN} at (0,0) size 9x17
          RenderInline (generated) at (0,0) size 9x17
            RenderCounter at (91,0) size 9x17
              text run at (91,0) width 9: "\x{25A0}"
        RenderText {#text} at (100,0) size 4x17
          text run at (100,0) width 4: " "
        RenderInline {SPAN} at (0,0) size 9x17
          RenderInline (generated) at (0,0) size 9x17
            RenderCounter at (104,0) size 9x17
              text run at (104,0) width 9: "\x{25A0}"
        RenderText {#text} at (113,0) size 4x17
          text run at (113,0) width 4: " "
        RenderInline {SPAN} at (0,0) size 9x17
          RenderInline (generated) at (0,0) size 9x17
            RenderCounter at (117,0) size 9x17
              text run at (117,0) width 9: "\x{25A0}"
        RenderText {#text} at (126,0) size 4x17
          text run at (126,0) width 4: " "
        RenderInline {SPAN} at (0,0) size 9x17
          RenderInline (generated) at (0,0) size 9x17
            RenderCounter at (130,0) size 9x17
              text run at (130,0) width 9: "\x{25A0}"
        RenderText {#text} at (139,0) size 4x17
          text run at (139,0) width 4: " "
        RenderInline {SPAN} at (0,0) size 9x17
          RenderInline (generated) at (0,0) size 9x17
            RenderCounter at (143,0) size 9x17
              text run at (143,0) width 9: "\x{25A0}"
        RenderText {#text} at (0,0) size 0x0
      RenderBlock {DIV} at (0,52) size 784x21
        RenderText {#text} at (0,3) size 212x17
          text run at (0,3) width 18: "\x{25FE} "
          text run at (18,3) width 18: "\x{25FE} "
          text run at (36,3) width 18: "\x{25FE} "
          text run at (54,3) width 18: "\x{25FE} "
          text run at (72,3) width 18: "\x{25FE} "
          text run at (90,3) width 18: "\x{25FE} "
          text run at (108,3) width 18: "\x{25FE} "
          text run at (126,3) width 18: "\x{25FE} "
          text run at (144,3) width 18: "\x{25FE} "
          text run at (162,3) width 18: "\x{25FE} "
          text run at (180,3) width 18: "\x{25FE} "
          text run at (198,3) width 14: "\x{25FE}"
