layer at (0,0) size 800x600
  RenderView at (0,0) size 800x600
layer at (0,0) size 800x600
  RenderBlock {HTML} at (0,0) size 800x600
    RenderBody {BODY} at (8,8) size 784x584
      RenderBlock {P} at (0,0) size 784x18
        RenderText {#text} at (0,0) size 175x17
          text run at (0,0) width 175: "Each font name in that font:"
      RenderBlock {DIV} at (4,34) size 776x27 [border: (1px solid #ADD8E6)]
        RenderInline {B} at (0,0) size 108x18
          RenderText {#text} at (1,3) size 108x18
            text run at (1,3) width 108: "Helvetica bold"
        RenderText {#text} at (109,3) size 75x18
          text run at (109,3) width 75: " Helvetica "
        RenderInline {I} at (0,0) size 385x18
          RenderText {#text} at (184,5) size 200x18
            text run at (184,5) width 200: "Courier syn. italic "
          RenderInline {B} at (0,0) size 185x25
            RenderText {#text} at (384,1) size 185x25
              text run at (384,1) width 185: "Papyrus syn. bold syn. italic"
        RenderText {#text} at (0,0) size 0x0
      RenderBlock {DIV} at (4,65) size 776x52 [border: (1px solid #ADD8E6)]
        RenderInline {SPAN} at (0,0) size 70x18
          RenderText {#text} at (1,5) size 70x18
            text run at (1,5) width 70: "Courier"
        RenderText {#text} at (71,5) size 10x18
          text run at (71,5) width 10: " "
        RenderInline {SPAN} at (0,0) size 70x18
          RenderText {#text} at (81,5) size 70x18
            text run at (81,5) width 70: "Courier"
        RenderText {#text} at (151,5) size 10x18
          text run at (151,5) width 10: " "
        RenderInline {SPAN} at (0,0) size 70x18
          RenderText {#text} at (161,5) size 70x18
            text run at (161,5) width 70: "Courier"
        RenderText {#text} at (231,5) size 10x18
          text run at (231,5) width 10: " "
        RenderInline {SPAN} at (0,0) size 70x18
          RenderText {#text} at (241,5) size 70x18
            text run at (241,5) width 70: "Courier"
        RenderText {#text} at (311,5) size 10x18
          text run at (311,5) width 10: " "
        RenderInline {SPAN} at (0,0) size 70x18
          RenderText {#text} at (321,5) size 70x18
            text run at (321,5) width 70: "Courier"
        RenderText {#text} at (391,5) size 10x18
          text run at (391,5) width 10: " "
        RenderInline {SPAN} at (0,0) size 110x18
          RenderText {#text} at (401,3) size 110x18
            text run at (401,3) width 110: "Helvetica Bold"
        RenderText {#text} at (511,5) size 10x18
          text run at (511,5) width 10: " "
        RenderInline {SPAN} at (0,0) size 110x18
          RenderText {#text} at (521,3) size 110x18
            text run at (521,3) width 110: "Helvetica Bold"
        RenderText {#text} at (631,5) size 10x18
          text run at (631,5) width 10: " "
        RenderInline {SPAN} at (0,0) size 120x25
          RenderText {#text} at (641,1) size 120x25
            text run at (641,1) width 120: "Papyrus syn. bold"
        RenderText {#text} at (0,0) size 0x0
        RenderInline {SPAN} at (0,0) size 120x25
          RenderText {#text} at (1,26) size 120x25
            text run at (1,26) width 120: "Papyrus syn. bold"
        RenderText {#text} at (0,0) size 0x0
      RenderBlock {DIV} at (4,121) size 776x41 [border: (1px solid #ADD8E6)]
        RenderInline {SPAN} at (0,0) size 70x18
          RenderText {#text} at (1,3) size 70x18
            text run at (1,3) width 70: "Courier"
        RenderText {#text} at (71,3) size 10x18
          text run at (71,3) width 10: " "
        RenderInline {SPAN} at (0,0) size 70x18
          RenderText {#text} at (81,3) size 70x18
            text run at (81,3) width 70: "Courier"
        RenderText {#text} at (151,3) size 10x18
          text run at (151,3) width 10: " "
        RenderInline {SPAN} at (0,0) size 70x18
          RenderText {#text} at (161,3) size 70x18
            text run at (161,3) width 70: "Courier"
        RenderText {#text} at (231,3) size 10x18
          text run at (231,3) width 10: " "
        RenderInline {SPAN} at (0,0) size 70x18
          RenderText {#text} at (241,3) size 70x18
            text run at (241,3) width 70: "Courier"
        RenderText {#text} at (311,3) size 10x18
          text run at (311,3) width 10: " "
        RenderInline {SPAN} at (0,0) size 70x18
          RenderText {#text} at (321,3) size 70x18
            text run at (321,3) width 70: "Courier"
        RenderText {#text} at (391,3) size 10x18
          text run at (391,3) width 10: " "
        RenderInline {SPAN} at (0,0) size 110x18
          RenderText {#text} at (401,1) size 110x18
            text run at (401,1) width 110: "Helvetica Bold"
        RenderText {#text} at (511,3) size 10x18
          text run at (511,3) width 10: " "
        RenderInline {SPAN} at (0,0) size 110x18
          RenderText {#text} at (521,1) size 110x18
            text run at (521,1) width 110: "Helvetica Bold"
        RenderText {#text} at (631,3) size 10x18
          text run at (631,3) width 10: " "
        RenderInline {SPAN} at (0,0) size 110x18
          RenderText {#text} at (641,1) size 110x18
            text run at (641,1) width 110: "Helvetica Bold"
        RenderText {#text} at (0,0) size 0x0
        RenderInline {SPAN} at (0,0) size 110x18
          RenderText {#text} at (1,21) size 110x18
            text run at (1,21) width 110: "Helvetica Bold"
        RenderText {#text} at (0,0) size 0x0
      RenderBlock {DIV} at (4,166) size 776x41 [border: (1px solid #ADD8E6)]
        RenderInline {SPAN} at (0,0) size 70x18
          RenderText {#text} at (1,3) size 70x18
            text run at (1,3) width 70: "Courier"
        RenderText {#text} at (71,3) size 10x18
          text run at (71,3) width 10: " "
        RenderInline {SPAN} at (0,0) size 70x18
          RenderText {#text} at (81,3) size 70x18
            text run at (81,3) width 70: "Courier"
        RenderText {#text} at (151,3) size 10x18
          text run at (151,3) width 10: " "
        RenderInline {SPAN} at (0,0) size 70x18
          RenderText {#text} at (161,3) size 70x18
            text run at (161,3) width 70: "Courier"
        RenderText {#text} at (231,3) size 10x18
          text run at (231,3) width 10: " "
        RenderInline {SPAN} at (0,0) size 70x18
          RenderText {#text} at (241,3) size 70x18
            text run at (241,3) width 70: "Courier"
        RenderText {#text} at (311,3) size 10x18
          text run at (311,3) width 10: " "
        RenderInline {SPAN} at (0,0) size 70x18
          RenderText {#text} at (321,3) size 70x18
            text run at (321,3) width 70: "Courier"
        RenderText {#text} at (391,3) size 10x18
          text run at (391,3) width 10: " "
        RenderInline {SPAN} at (0,0) size 110x18
          RenderText {#text} at (401,1) size 110x18
            text run at (401,1) width 110: "Helvetica Bold"
        RenderText {#text} at (511,3) size 10x18
          text run at (511,3) width 10: " "
        RenderInline {SPAN} at (0,0) size 110x18
          RenderText {#text} at (521,1) size 110x18
            text run at (521,1) width 110: "Helvetica Bold"
        RenderText {#text} at (631,3) size 10x18
          text run at (631,3) width 10: " "
        RenderInline {SPAN} at (0,0) size 110x18
          RenderText {#text} at (641,1) size 110x18
            text run at (641,1) width 110: "Helvetica Bold"
        RenderText {#text} at (0,0) size 0x0
        RenderInline {SPAN} at (0,0) size 110x18
          RenderText {#text} at (1,21) size 110x18
            text run at (1,21) width 110: "Helvetica Bold"
        RenderText {#text} at (0,0) size 0x0
      RenderBlock {P} at (0,223) size 784x18
        RenderText {#text} at (0,0) size 223x17
          text run at (0,0) width 223: "Times followed by Ahem (normal):"
      RenderBlock {DIV} at (4,257) size 776x20 [border: (1px solid #ADD8E6)]
        RenderText {#text} at (1,1) size 42x17
          text run at (1,1) width 42: "Times "
        RenderInline {I} at (0,0) size 64x16
          RenderText {#text} at (43,2) size 64x16
            text run at (43,2) width 64: "AHEM"
        RenderText {#text} at (0,0) size 0x0
      RenderBlock {P} at (0,293) size 784x18
        RenderText {#text} at (0,0) size 101x17
          text run at (0,0) width 101: "Ahem (normal):"
      RenderBlock {DIV} at (4,327) size 776x18 [border: (1px solid #ADD8E6)]
        RenderText {#text} at (1,1) size 80x16
          text run at (1,1) width 80: "AHEM "
        RenderInline {I} at (0,0) size 64x16
          RenderText {#text} at (81,1) size 64x16
            text run at (81,1) width 64: "AHEM"
        RenderText {#text} at (0,0) size 0x0
      RenderBlock {P} at (0,361) size 784x18
        RenderText {#text} at (0,0) size 326x17
          text run at (0,0) width 326: "Ahem (normal) followed by Ahem (synthetic bold):"
      RenderBlock {DIV} at (4,395) size 776x18 [border: (1px solid #ADD8E6)]
        RenderText {#text} at (1,1) size 80x16
          text run at (1,1) width 80: "AHEM "
        RenderInline {B} at (0,0) size 68x16
          RenderText {#text} at (81,1) size 68x16
            text run at (81,1) width 68: "AHEM"
        RenderText {#text} at (0,0) size 0x0
      RenderBlock {P} at (0,429) size 784x18
        RenderText {#text} at (0,0) size 334x17
          text run at (0,0) width 334: "Ahem (normal) followed by Ahem (synthetic italics):"
      RenderBlock {DIV} at (4,463) size 776x18 [border: (1px solid #ADD8E6)]
        RenderText {#text} at (1,1) size 80x16
          text run at (1,1) width 80: "AHEM "
        RenderInline {I} at (0,0) size 64x16
          RenderText {#text} at (81,1) size 64x16
            text run at (81,1) width 64: "AHEM"
        RenderText {#text} at (0,0) size 0x0
